<testsuites id="" name="" tests="3" failures="0" skipped="0" errors="0" time="2.656057">
<testsuite name="app.spec.ts" timestamp="2025-11-27T17:27:11.097Z" hostname="chromium" tests="1" failures="0" skipped="0" time="0.546" errors="0">
<testcase name="should load the application and display &quot;NetPack Parser&quot;" classname="app.spec.ts" time="0.546">
</testcase>
</testsuite>
<testsuite name="app.spec.ts" timestamp="2025-11-27T17:27:11.097Z" hostname="firefox" tests="1" failures="0" skipped="0" time="0.893" errors="0">
<testcase name="should load the application and display &quot;NetPack Parser&quot;" classname="app.spec.ts" time="0.893">
</testcase>
</testsuite>
<testsuite name="app.spec.ts" timestamp="2025-11-27T17:27:11.097Z" hostname="webkit" tests="1" failures="0" skipped="0" time="0.49" errors="0">
<testcase name="should load the application and display &quot;NetPack Parser&quot;" classname="app.spec.ts" time="0.49">
</testcase>
</testsuite>
</testsuites>